To honour the JVM settings for this build a single-use Daemon process will be forked. For more on this, please refer to https://docs.gradle.org/8.13/userguide/gradle_daemon.html#sec:disabling_the_daemon in the Gradle documentation.
Daemon will be stopped at the end of the build 
> Task :app:clean FAILED
gradlew.bat : 
所在位置 行:1 字符: 67
+ ... usicClone"; & ".\gradlew.bat" clean assembleDebug --no-daemon 2>&1 |  ...
+                 ~~~~~~~~~~~~~~~~~~~~~~~~~~~~~~~~~~~~~~~~~~~~~~~~~~~~~~
    + CategoryInfo          : NotSpecified: (:String) [], RemoteException
    + FullyQualifiedErrorId : NativeCommandError
 
FAILURE: Build failed with an exception.

* What went wrong:
1 actionable task: 1 executed
Execution failed for task ':app:clean'.
> java.io.IOException: Unable to delete file 'C:\Users\NG KwanLam\Documents\tra
e here\AppleMusicClone\app\build'

* Try:
> Run with --stacktrace option to get the stack trace.
> Run with --info or --debug option to get more log output.
> Run with --scan to get full insights.
> Get more help at https://help.gradle.org.

BUILD FAILED in 49s
